// Jest Snapshot v1, https://goo.gl/fbAQLP

exports[`Calculator component renders correctly 1`] = `
<div
  className="calculator_container"
>
  <div
    className="page-text"
  >
    <h3
      className="text"
    >
      Let do Some Maths
    </h3>
  </div>
  <div
    className="calculator_part"
  >
    <div
      className="calculator-body"
    >
      <div
        className="display-screen"
      >
        <span />
      </div>
      <div
        className="calculator-buttons"
      >
        <div
          className="row"
        >
          <button
            className="btns"
            name="AC"
            onClick={[Function]}
            type="button"
          >
            AC
          </button>
          <button
            className="btns"
            name="+/-"
            onClick={[Function]}
            type="button"
          >
            +/-
          </button>
          <button
            className="btns"
            name="%"
            onClick={[Function]}
            type="button"
          >
            %
          </button>
          <button
            className="btns coloured-btn"
            name="รท"
            onClick={[Function]}
            type="button"
          >
            รท
          </button>
        </div>
        <div
          className="row"
        >
          <button
            className="btns"
            name="7"
            onClick={[Function]}
            type="button"
          >
            7
          </button>
          <button
            className="btns"
            name="8"
            onClick={[Function]}
            type="button"
          >
            8
          </button>
          <button
            className="btns"
            name="9"
            onClick={[Function]}
            type="button"
          >
            9
          </button>
          <button
            className="btns coloured-btn"
            name="x"
            onClick={[Function]}
            type="button"
          >
            x
          </button>
        </div>
        <div
          className="row"
        >
          <button
            className="btns"
            name="4"
            onClick={[Function]}
            type="button"
          >
            4
          </button>
          <button
            className="btns"
            name="5"
            onClick={[Function]}
            type="button"
          >
            5
          </button>
          <button
            className="btns"
            name="6"
            onClick={[Function]}
            type="button"
          >
            6
          </button>
          <button
            className="btns coloured-btn"
            name="-"
            onClick={[Function]}
            type="button"
          >
            -
          </button>
        </div>
        <div
          className="row"
        >
          <button
            className="btns"
            name="1"
            onClick={[Function]}
            type="button"
          >
            1
          </button>
          <button
            className="btns"
            name="2"
            onClick={[Function]}
            type="button"
          >
            2
          </button>
          <button
            className="btns"
            name="3"
            onClick={[Function]}
            type="button"
          >
            3
          </button>
          <button
            className="btns coloured-btn"
            name="+"
            onClick={[Function]}
            type="button"
          >
            +
          </button>
        </div>
        <div
          className="row"
        >
          <button
            className="btns zero-btn"
            name="0"
            onClick={[Function]}
            type="button"
          >
            0
          </button>
          <button
            className="btns"
            name="."
            onClick={[Function]}
            type="button"
          >
            .
          </button>
          <button
            className="btns coloured-btn"
            name="="
            onClick={[Function]}
            type="button"
          >
            =
          </button>
        </div>
      </div>
    </div>
  </div>
</div>
`;
